Archive member included because of file (symbol)

c:/nxp/lpcxpresso_8.0.0_526/lpcxpresso/tools/bin/../lib/gcc/arm-none-eabi/4.9.3/../../../../arm-none-eabi/lib/armv7-m\libcr_c.a(__weak__main.o)
                              ./src/cr_startup_lpc176x.o (__main)

Discarded input sections

 .data          0x00000000        0x0 ./src/assembleur_corrige.o
 .bss           0x00000000        0x0 ./src/assembleur_corrige.o
 .group         0x00000000        0x8 ./src/cr_startup_lpc176x.o
 .text          0x00000000        0x0 ./src/cr_startup_lpc176x.o
 .data          0x00000000        0x0 ./src/cr_startup_lpc176x.o
 .bss           0x00000000        0x0 ./src/cr_startup_lpc176x.o
 .group         0x00000000        0x8 ./src/labo3_asm.o
 .group         0x00000000        0x8 ./src/labo3_asm.o
 .group         0x00000000        0x8 ./src/labo3_asm.o
 .group         0x00000000        0x8 ./src/labo3_asm.o
 .text          0x00000000        0x0 ./src/labo3_asm.o
 .data          0x00000000        0x0 ./src/labo3_asm.o
 .bss           0x00000000        0x0 ./src/labo3_asm.o
 .text          0x00000000        0x0 c:/nxp/lpcxpresso_8.0.0_526/lpcxpresso/tools/bin/../lib/gcc/arm-none-eabi/4.9.3/../../../../arm-none-eabi/lib/armv7-m\libcr_c.a(__weak__main.o)
 .data          0x00000000        0x0 c:/nxp/lpcxpresso_8.0.0_526/lpcxpresso/tools/bin/../lib/gcc/arm-none-eabi/4.9.3/../../../../arm-none-eabi/lib/armv7-m\libcr_c.a(__weak__main.o)
 .bss           0x00000000        0x0 c:/nxp/lpcxpresso_8.0.0_526/lpcxpresso/tools/bin/../lib/gcc/arm-none-eabi/4.9.3/../../../../arm-none-eabi/lib/armv7-m\libcr_c.a(__weak__main.o)

Memory Configuration

Name             Origin             Length             Attributes
MFlash512        0x00000000         0x00080000         xr
RamLoc32         0x10000000         0x00008000         xrw
RamAHB32         0x2007c000         0x00008000         xrw
*default*        0x00000000         0xffffffff

Linker script and memory map

LOAD ./src/assembleur_corrige.o
LOAD ./src/cr_startup_lpc176x.o
LOAD ./src/labo3_asm.o
START GROUP
LOAD c:/nxp/lpcxpresso_8.0.0_526/lpcxpresso/tools/bin/../lib/gcc/arm-none-eabi/4.9.3/../../../../arm-none-eabi/lib/armv7-m\libcr_c.a
LOAD c:/nxp/lpcxpresso_8.0.0_526/lpcxpresso/tools/bin/../lib/gcc/arm-none-eabi/4.9.3/armv7-m\libcr_eabihelpers.a
END GROUP
                0x00000000                __base_MFlash512 = 0x0
                0x00000000                __base_Flash = 0x0
                0x00080000                __top_MFlash512 = 0x80000
                0x00080000                __top_Flash = 0x80000
                0x10000000                __base_RamLoc32 = 0x10000000
                0x10000000                __base_RAM = 0x10000000
                0x10008000                __top_RamLoc32 = 0x10008000
                0x10008000                __top_RAM = 0x10008000
                0x2007c000                __base_RamAHB32 = 0x2007c000
                0x2007c000                __base_RAM2 = 0x2007c000
                0x20084000                __top_RamAHB32 = 0x20084000
                0x20084000                __top_RAM2 = 0x20084000

.text           0x00000000      0x430
 FILL mask 0xff
                0x00000000                __vectors_start__ = ABSOLUTE (.)
 *(.isr_vector)
 .isr_vector    0x00000000       0xcc ./src/cr_startup_lpc176x.o
                0x00000000                g_pfnVectors
                0x000000cc                . = ALIGN (0x4)
                0x000000cc                __section_table_start = .
                0x000000cc                __data_section_table = .
                0x000000cc        0x4 LONG 0x430 LOADADDR (.data)
                0x000000d0        0x4 LONG 0x10000000 ADDR (.data)
                0x000000d4        0x4 LONG 0x4 SIZEOF (.data)
                0x000000d8        0x4 LONG 0x430 LOADADDR (.data_RAM2)
                0x000000dc        0x4 LONG 0x2007c000 ADDR (.data_RAM2)
                0x000000e0        0x4 LONG 0x0 SIZEOF (.data_RAM2)
                0x000000e4                __data_section_table_end = .
                0x000000e4                __bss_section_table = .
                0x000000e4        0x4 LONG 0x10000004 ADDR (.bss)
                0x000000e8        0x4 LONG 0xc SIZEOF (.bss)
                0x000000ec        0x4 LONG 0x2007c000 ADDR (.bss_RAM2)
                0x000000f0        0x4 LONG 0x0 SIZEOF (.bss_RAM2)
                0x000000f4                __bss_section_table_end = .
                0x000000f4                __section_table_end = .
 *(.after_vectors*)
 .after_vectors
                0x000000f4       0x7c ./src/cr_startup_lpc176x.o
                0x000000f4                NMI_Handler
                0x000000f6                HardFault_Handler
                0x000000f8                MemManage_Handler
                0x000000fa                BusFault_Handler
                0x000000fc                UsageFault_Handler
                0x000000fe                SVC_Handler
                0x00000100                DebugMon_Handler
                0x00000102                PendSV_Handler
                0x00000104                SysTick_Handler
                0x00000106                PWM1_IRQHandler
                0x00000106                I2C1_IRQHandler
                0x00000106                EINT2_IRQHandler
                0x00000106                UART1_IRQHandler
                0x00000106                EINT3_IRQHandler
                0x00000106                CANActivity_IRQHandler
                0x00000106                TIMER3_IRQHandler
                0x00000106                UART0_IRQHandler
                0x00000106                MCPWM_IRQHandler
                0x00000106                I2C0_IRQHandler
                0x00000106                IntDefaultHandler
                0x00000106                RIT_IRQHandler
                0x00000106                CAN_IRQHandler
                0x00000106                PLL1_IRQHandler
                0x00000106                SSP0_IRQHandler
                0x00000106                I2S_IRQHandler
                0x00000106                I2C2_IRQHandler
                0x00000106                RTC_IRQHandler
                0x00000106                TIMER0_IRQHandler
                0x00000106                SPI_IRQHandler
                0x00000106                UART3_IRQHandler
                0x00000106                EINT1_IRQHandler
                0x00000106                TIMER1_IRQHandler
                0x00000106                UART2_IRQHandler
                0x00000106                ADC_IRQHandler
                0x00000106                SSP1_IRQHandler
                0x00000106                USB_IRQHandler
                0x00000106                BOD_IRQHandler
                0x00000106                USBActivity_IRQHandler
                0x00000106                WDT_IRQHandler
                0x00000106                PLL0_IRQHandler
                0x00000106                QEI_IRQHandler
                0x00000106                EINT0_IRQHandler
                0x00000106                TIMER2_IRQHandler
                0x00000106                DMA_IRQHandler
                0x00000106                ENET_IRQHandler
                0x00000108                data_init
                0x0000011e                bss_init
                0x00000130                ResetISR
 *(.text*)
 .text          0x00000170       0x86 ./src/assembleur_corrige.o
                0x00000170                funcexo1
                0x0000017e                funcexo2
                0x0000019c                funcexo3
                0x000001ae                funcexo4
                0x000001d2                funcexo5
 *fill*         0x000001f6        0x2 
 .text.main     0x000001f8      0x1cc ./src/labo3_asm.o
                0x000001f8                main
 .text.__weak_main
                0x000003c4        0x4 c:/nxp/lpcxpresso_8.0.0_526/lpcxpresso/tools/bin/../lib/gcc/arm-none-eabi/4.9.3/../../../../arm-none-eabi/lib/armv7-m\libcr_c.a(__weak__main.o)
                0x000003c4                __weak_main
                0x000003c4                __main
 *(.rodata .rodata.* .constdata .constdata.*)
 .rodata        0x000003c8       0x68 ./src/labo3_asm.o
                0x00000430                . = ALIGN (0x4)

.glue_7         0x00000430        0x0
 .glue_7        0x00000000        0x0 linker stubs

.glue_7t        0x00000430        0x0
 .glue_7t       0x00000000        0x0 linker stubs

.vfp11_veneer   0x00000430        0x0
 .vfp11_veneer  0x00000000        0x0 linker stubs

.v4_bx          0x00000430        0x0
 .v4_bx         0x00000000        0x0 linker stubs

.iplt           0x00000430        0x0
 .iplt          0x00000000        0x0 ./src/assembleur_corrige.o

.rel.dyn        0x00000430        0x0
 .rel.iplt      0x00000000        0x0 ./src/assembleur_corrige.o

.ARM.extab
 *(.ARM.extab* .gnu.linkonce.armextab.*)
                0x00000430                __exidx_start = .

.ARM.exidx
 *(.ARM.exidx* .gnu.linkonce.armexidx.*)
                0x00000430                __exidx_end = .
                0x00000430                _etext = .

.data_RAM2      0x2007c000        0x0 load address 0x00000430
 FILL mask 0xff
                0x2007c000                PROVIDE (__start_data_RAM2, .)
 *(.ramfunc.$RAM2)
 *(.ramfunc.$RamAHB32)
 *(.data.$RAM2*)
 *(.data.$RamAHB32*)
                0x2007c000                . = ALIGN (0x4)
                0x2007c000                PROVIDE (__end_data_RAM2, .)

.uninit_RESERVED
                0x10000000        0x0
 *(.bss.$RESERVED*)
                0x10000000                . = ALIGN (0x4)
                0x10000000                _end_uninit_RESERVED = .

.data           0x10000000        0x4 load address 0x00000430
 FILL mask 0xff
                0x10000000                _data = .
 *(vtable)
 *(.ramfunc*)
 *(.data*)
 .data.exo      0x10000000        0x4 ./src/labo3_asm.o
                0x10000000                exo
                0x10000004                . = ALIGN (0x4)
                0x10000004                _edata = .

.igot.plt       0x10000004        0x0 load address 0x00000434
 .igot.plt      0x00000000        0x0 ./src/assembleur_corrige.o

.bss_RAM2       0x2007c000        0x0
                0x2007c000                PROVIDE (__start_bss_RAM2, .)
 *(.bss.$RAM2*)
 *(.bss.$RamAHB32*)
                0x2007c000                . = ALIGN ((. != 0x0)?0x4:0x1)
                0x2007c000                PROVIDE (__end_bss_RAM2, .)

.bss            0x10000004        0xc
                0x10000004                _bss = .
 *(.bss*)
 .bss.res.3840  0x10000004        0x4 ./src/labo3_asm.o
 .bss.ok.3845   0x10000008        0x4 ./src/labo3_asm.o
 .bss.res_ref.3841
                0x1000000c        0x4 ./src/labo3_asm.o
 *(COMMON)
                0x10000010                . = ALIGN (0x4)
                0x10000010                _ebss = .
                0x10000010                PROVIDE (end, .)

.noinit_RAM2    0x2007c000        0x0
 *(.noinit.$RAM2*)
 *(.noinit.$RamAHB32*)
                0x2007c000                . = ALIGN (0x4)

.noinit         0x10000010        0x0
                0x10000010                _noinit = .
 *(.noinit*)
                0x10000010                . = ALIGN (0x4)
                0x10000010                _end_noinit = .
                0x10000010                PROVIDE (_pvHeapStart, DEFINED (__user_heap_base)?__user_heap_base:.)
                0x10008000                PROVIDE (_vStackTop, DEFINED (__user_stack_top)?__user_stack_top:(__top_RamLoc32 - 0x0))
                0xefff79f2                PROVIDE (__valid_user_code_checksum, (0x0 - ((((((_vStackTop + (ResetISR + 0x1)) + (NMI_Handler + 0x1)) + (HardFault_Handler + 0x1)) + (DEFINED (MemManage_Handler)?MemManage_Handler:0x0 + 0x1)) + (DEFINED (BusFault_Handler)?BusFault_Handler:0x0 + 0x1)) + (DEFINED (UsageFault_Handler)?UsageFault_Handler:0x0 + 0x1))))
OUTPUT(labo3_asm.axf elf32-littlearm)

.ARM.attributes
                0x00000000       0x2f
 .ARM.attributes
                0x00000000       0x21 ./src/assembleur_corrige.o
 .ARM.attributes
                0x00000021       0x33 ./src/cr_startup_lpc176x.o
 .ARM.attributes
                0x00000054       0x33 ./src/labo3_asm.o
 .ARM.attributes
                0x00000087       0x33 c:/nxp/lpcxpresso_8.0.0_526/lpcxpresso/tools/bin/../lib/gcc/arm-none-eabi/4.9.3/../../../../arm-none-eabi/lib/armv7-m\libcr_c.a(__weak__main.o)

.comment        0x00000000       0xe0
 .comment       0x00000000       0x70 ./src/cr_startup_lpc176x.o
                                 0x71 (size before relaxing)
 .comment       0x00000000       0x71 ./src/labo3_asm.o
 .comment       0x00000070       0x70 c:/nxp/lpcxpresso_8.0.0_526/lpcxpresso/tools/bin/../lib/gcc/arm-none-eabi/4.9.3/../../../../arm-none-eabi/lib/armv7-m\libcr_c.a(__weak__main.o)
                                 0x71 (size before relaxing)

.debug_line     0x00000000      0x264
 .debug_line    0x00000000       0x87 ./src/assembleur_corrige.o
 .debug_line    0x00000087       0xbc ./src/cr_startup_lpc176x.o
 .debug_line    0x00000143      0x121 ./src/labo3_asm.o

.debug_info     0x00000000      0x4c4
 .debug_info    0x00000000       0x89 ./src/assembleur_corrige.o
 .debug_info    0x00000089      0x26f ./src/cr_startup_lpc176x.o
 .debug_info    0x000002f8      0x1cc ./src/labo3_asm.o

.debug_abbrev   0x00000000      0x1f0
 .debug_abbrev  0x00000000       0x14 ./src/assembleur_corrige.o
 .debug_abbrev  0x00000014      0x120 ./src/cr_startup_lpc176x.o
 .debug_abbrev  0x00000134       0xbc ./src/labo3_asm.o

.debug_aranges  0x00000000       0xc0
 .debug_aranges
                0x00000000       0x20 ./src/assembleur_corrige.o
 .debug_aranges
                0x00000020       0x80 ./src/cr_startup_lpc176x.o
 .debug_aranges
                0x000000a0       0x20 ./src/labo3_asm.o

.debug_loc      0x00000000      0x1be
 .debug_loc     0x00000000      0x1be ./src/cr_startup_lpc176x.o

.debug_ranges   0x00000000       0x80
 .debug_ranges  0x00000000       0x70 ./src/cr_startup_lpc176x.o
 .debug_ranges  0x00000070       0x10 ./src/labo3_asm.o

.debug_macro    0x00000000     0x182a
 .debug_macro   0x00000000       0x1d ./src/cr_startup_lpc176x.o
 .debug_macro   0x0000001d      0x874 ./src/cr_startup_lpc176x.o
 .debug_macro   0x00000891       0x3c ./src/labo3_asm.o
 .debug_macro   0x000008cd      0x86e ./src/labo3_asm.o
 .debug_macro   0x0000113b       0x10 ./src/labo3_asm.o
 .debug_macro   0x0000114b      0x12d ./src/labo3_asm.o
 .debug_macro   0x00001278      0x5b2 ./src/labo3_asm.o

.debug_str      0x00000000     0x3e2d
 .debug_str     0x00000000     0x262c ./src/cr_startup_lpc176x.o
                               0x263f (size before relaxing)
 .debug_str     0x0000262c     0x1801 ./src/labo3_asm.o
                               0x3c1d (size before relaxing)

.debug_frame    0x00000000      0x12c
 .debug_frame   0x00000000       0xf0 ./src/cr_startup_lpc176x.o
 .debug_frame   0x000000f0       0x3c ./src/labo3_asm.o
