Archive member included because of file (symbol)

c:/nxp/lpcxpresso_6.0.4_159/lpcxpresso/tools/bin/../lib/gcc/arm-none-eabi/4.6.2/../../../../arm-none-eabi/lib/armv7-m\libcr_c.a(__weak__main.o)
                              ./src/cr_startup_lpc176x.o (__main)

Allocating common symbols
Common symbol       size              file

exo                 0x1               ./src/labo2_ASM.o

Discarded input sections

 .data          0x00000000        0x0 ./src/assembleur.o
 .bss           0x00000000        0x0 ./src/assembleur.o
 .text          0x00000000        0x0 ./src/cr_startup_lpc176x.o
 .data          0x00000000        0x0 ./src/cr_startup_lpc176x.o
 .bss           0x00000000        0x0 ./src/cr_startup_lpc176x.o
 .text          0x00000000        0x0 ./src/labo2_ASM.o
 .data          0x00000000        0x0 ./src/labo2_ASM.o
 .bss           0x00000000        0x0 ./src/labo2_ASM.o
 .text          0x00000000        0x0 c:/nxp/lpcxpresso_6.0.4_159/lpcxpresso/tools/bin/../lib/gcc/arm-none-eabi/4.6.2/../../../../arm-none-eabi/lib/armv7-m\libcr_c.a(__weak__main.o)
 .data          0x00000000        0x0 c:/nxp/lpcxpresso_6.0.4_159/lpcxpresso/tools/bin/../lib/gcc/arm-none-eabi/4.6.2/../../../../arm-none-eabi/lib/armv7-m\libcr_c.a(__weak__main.o)
 .bss           0x00000000        0x0 c:/nxp/lpcxpresso_6.0.4_159/lpcxpresso/tools/bin/../lib/gcc/arm-none-eabi/4.6.2/../../../../arm-none-eabi/lib/armv7-m\libcr_c.a(__weak__main.o)

Memory Configuration

Name             Origin             Length             Attributes
MFlash512        0x00000000         0x00080000         xr
RamLoc32         0x10000000         0x00008000         xrw
RamAHB32         0x2007c000         0x00008000         xrw
*default*        0x00000000         0xffffffff

Linker script and memory map

LOAD ./src/assembleur.o
LOAD ./src/cr_startup_lpc176x.o
LOAD ./src/labo2_ASM.o
START GROUP
LOAD c:/nxp/lpcxpresso_6.0.4_159/lpcxpresso/tools/bin/../lib/gcc/arm-none-eabi/4.6.2/../../../../arm-none-eabi/lib/armv7-m\libcr_c.a
LOAD c:/nxp/lpcxpresso_6.0.4_159/lpcxpresso/tools/bin/../lib/gcc/arm-none-eabi/4.6.2/armv7-m\libcr_eabihelpers.a
END GROUP
                0x00080000                __top_MFlash512 = 0x80000
                0x10008000                __top_RamLoc32 = 0x10008000
                0x20084000                __top_RamAHB32 = 0x20084000

.text           0x00000000      0x3cc
 FILL mask 0xff
                0x00000000                __vectors_start__ = ABSOLUTE (.)
 *(.isr_vector)
 .isr_vector    0x00000000       0xcc ./src/cr_startup_lpc176x.o
                0x00000000                g_pfnVectors
                0x000000cc                . = ALIGN (0x4)
                0x000000cc                __section_table_start = .
                0x000000cc                __data_section_table = .
                0x000000cc        0x4 LONG 0x3cc LOADADDR (.data)
                0x000000d0        0x4 LONG 0x10000000 ADDR (.data)
                0x000000d4        0x4 LONG 0x0 SIZEOF (.data)
                0x000000d8        0x4 LONG 0x3cc LOADADDR (.data_RAM2)
                0x000000dc        0x4 LONG 0x2007c000 ADDR (.data_RAM2)
                0x000000e0        0x4 LONG 0x0 SIZEOF (.data_RAM2)
                0x000000e4                __data_section_table_end = .
                0x000000e4                __bss_section_table = .
                0x000000e4        0x4 LONG 0x10000000 ADDR (.bss)
                0x000000e8        0x4 LONG 0x4 SIZEOF (.bss)
                0x000000ec        0x4 LONG 0x2007c000 ADDR (.bss_RAM2)
                0x000000f0        0x4 LONG 0x0 SIZEOF (.bss_RAM2)
                0x000000f4                __bss_section_table_end = .
                0x000000f4                __section_table_end = .
 *(.after_vectors*)
 .after_vectors
                0x000000f4       0x74 ./src/cr_startup_lpc176x.o
                0x000000f4                NMI_Handler
                0x000000f6                HardFault_Handler
                0x000000f8                MemManage_Handler
                0x000000fa                BusFault_Handler
                0x000000fc                UsageFault_Handler
                0x000000fe                SVC_Handler
                0x00000100                DebugMon_Handler
                0x00000102                PendSV_Handler
                0x00000104                SysTick_Handler
                0x00000106                data_init
                0x00000118                bss_init
                0x00000128                ResetISR
                0x00000164                UART1_IRQHandler
                0x00000164                EINT3_IRQHandler
                0x00000164                CANActivity_IRQHandler
                0x00000164                TIMER3_IRQHandler
                0x00000164                UART0_IRQHandler
                0x00000164                EINT2_IRQHandler
                0x00000164                I2C1_IRQHandler
                0x00000164                IntDefaultHandler
                0x00000164                PLL0_IRQHandler
                0x00000164                PWM1_IRQHandler
                0x00000164                PLL1_IRQHandler
                0x00000164                SSP0_IRQHandler
                0x00000164                I2S_IRQHandler
                0x00000164                I2C2_IRQHandler
                0x00000164                RTC_IRQHandler
                0x00000164                TIMER0_IRQHandler
                0x00000164                SPI_IRQHandler
                0x00000164                USBActivity_IRQHandler
                0x00000164                EINT1_IRQHandler
                0x00000164                TIMER1_IRQHandler
                0x00000164                UART2_IRQHandler
                0x00000164                ADC_IRQHandler
                0x00000164                SSP1_IRQHandler
                0x00000164                USB_IRQHandler
                0x00000164                BOD_IRQHandler
                0x00000164                I2C0_IRQHandler
                0x00000164                WDT_IRQHandler
                0x00000164                RIT_IRQHandler
                0x00000164                QEI_IRQHandler
                0x00000164                EINT0_IRQHandler
                0x00000164                CAN_IRQHandler
                0x00000164                DMA_IRQHandler
                0x00000164                TIMER2_IRQHandler
                0x00000164                UART3_IRQHandler
                0x00000164                MCPWM_IRQHandler
                0x00000164                ENET_IRQHandler
 *(.text*)
 .text          0x00000168       0xb4 ./src/assembleur.o
                0x00000168                funcexo1
                0x00000174                funcexo1_b
                0x0000017e                funcexo2
                0x00000194                funcexo3
                0x000001dc                funcexo4_b
                0x000001fe                funcexo4
 .text.function1_bonus
                0x0000021c       0x2c ./src/labo2_ASM.o
                0x0000021c                function1_bonus
 .text.function2_bonus
                0x00000248       0x3c ./src/labo2_ASM.o
                0x00000248                function2_bonus
 *fill*         0x00000284        0x4 00
 .text.main     0x00000288      0x140 ./src/labo2_ASM.o
                0x00000288                main
 .text.__weak_main
                0x000003c8        0x4 c:/nxp/lpcxpresso_6.0.4_159/lpcxpresso/tools/bin/../lib/gcc/arm-none-eabi/4.6.2/../../../../arm-none-eabi/lib/armv7-m\libcr_c.a(__weak__main.o)
                0x000003c8                __weak_main
                0x000003c8                __main
 *(.rodata .rodata.*)
                0x000003cc                . = ALIGN (0x4)

.glue_7         0x000003cc        0x0
 .glue_7        0x00000000        0x0 linker stubs

.glue_7t        0x000003cc        0x0
 .glue_7t       0x00000000        0x0 linker stubs

.vfp11_veneer   0x000003cc        0x0
 .vfp11_veneer  0x00000000        0x0 linker stubs

.v4_bx          0x000003cc        0x0
 .v4_bx         0x00000000        0x0 linker stubs

.ARM.extab
 *(.ARM.extab* .gnu.linkonce.armextab.*)
                0x000003cc                __exidx_start = .

.ARM.exidx
 *(.ARM.exidx* .gnu.linkonce.armexidx.*)
                0x000003cc                __exidx_end = .
                0x000003cc                _etext = .

.data_RAM2      0x2007c000        0x0 load address 0x000003cc
 FILL mask 0xff
 *(.data.$RAM2*)
 *(.data.$RamAHB32*)
                0x2007c000                . = ALIGN (0x4)

.uninit_RESERVED
                0x10000000        0x0
 *(.bss.$RESERVED*)
                0x10000000                . = ALIGN (0x4)
                0x10000000                _end_uninit_RESERVED = .

.data           0x10000000        0x0 load address 0x000003cc
 FILL mask 0xff
                0x10000000                _data = .
 *(vtable)
 *(.data*)
                0x10000000                . = ALIGN (0x4)
                0x10000000                _edata = .

.bss_RAM2       0x2007c000        0x0
 *(.bss.$RAM2*)
 *(.bss.$RamAHB32*)
                0x2007c000                . = ALIGN (0x4)

.bss            0x10000000        0x4
                0x10000000                _bss = .
 *(.bss*)
 *(COMMON)
 COMMON         0x10000000        0x1 ./src/labo2_ASM.o
                0x10000000                exo
                0x10000004                . = ALIGN (0x4)
 *fill*         0x10000001        0x3 00
                0x10000004                _ebss = .
                0x10000004                PROVIDE (end, .)

.noinit_RAM2    0x2007c000        0x0
 *(.noinit.$RAM2*)
 *(.noinit.$RamAHB32*)
                0x2007c000                . = ALIGN (0x4)

.noinit         0x10000004        0x0
                0x10000004                _noinit = .
 *(.noinit*)
                0x10000004                . = ALIGN (0x4)
                0x10000004                _end_noinit = .
                0x10000004                PROVIDE (_pvHeapStart, .)
                0x10008000                PROVIDE (_vStackTop, (__top_RamLoc32 - 0x0))
OUTPUT(labo2ref.axf elf32-littlearm)

.ARM.attributes
                0x00000000       0x2f
 .ARM.attributes
                0x00000000       0x21 ./src/assembleur.o
 .ARM.attributes
                0x00000021       0x33 ./src/cr_startup_lpc176x.o
 .ARM.attributes
                0x00000054       0x33 ./src/labo2_ASM.o
 .ARM.attributes
                0x00000087       0x33 c:/nxp/lpcxpresso_6.0.4_159/lpcxpresso/tools/bin/../lib/gcc/arm-none-eabi/4.6.2/../../../../arm-none-eabi/lib/armv7-m\libcr_c.a(__weak__main.o)

.comment        0x00000000       0x70
 .comment       0x00000000       0x70 ./src/cr_startup_lpc176x.o
                                 0x71 (size before relaxing)
 .comment       0x00000000       0x71 ./src/labo2_ASM.o
 .comment       0x00000000       0x71 c:/nxp/lpcxpresso_6.0.4_159/lpcxpresso/tools/bin/../lib/gcc/arm-none-eabi/4.6.2/../../../../arm-none-eabi/lib/armv7-m\libcr_c.a(__weak__main.o)

.debug_line     0x00000000      0x1f9
 .debug_line    0x00000000       0x90 ./src/assembleur.o
 .debug_line    0x00000090       0xaa ./src/cr_startup_lpc176x.o
 .debug_line    0x0000013a       0xbf ./src/labo2_ASM.o

.debug_info     0x00000000      0x49a
 .debug_info    0x00000000       0x87 ./src/assembleur.o
 .debug_info    0x00000087      0x29e ./src/cr_startup_lpc176x.o
 .debug_info    0x00000325      0x175 ./src/labo2_ASM.o

.debug_abbrev   0x00000000      0x1d7
 .debug_abbrev  0x00000000       0x14 ./src/assembleur.o
 .debug_abbrev  0x00000014      0x120 ./src/cr_startup_lpc176x.o
 .debug_abbrev  0x00000134       0xa3 ./src/labo2_ASM.o

.debug_aranges  0x00000000       0xd0
 .debug_aranges
                0x00000000       0x20 ./src/assembleur.o
 .debug_aranges
                0x00000020       0x80 ./src/cr_startup_lpc176x.o
 .debug_aranges
                0x000000a0       0x30 ./src/labo2_ASM.o

.debug_loc      0x00000000      0x1aa
 .debug_loc     0x00000000      0x102 ./src/cr_startup_lpc176x.o
 .debug_loc     0x00000102       0xa8 ./src/labo2_ASM.o

.debug_ranges   0x00000000       0x90
 .debug_ranges  0x00000000       0x70 ./src/cr_startup_lpc176x.o
 .debug_ranges  0x00000070       0x20 ./src/labo2_ASM.o

.debug_macinfo  0x00000000     0x4599
 .debug_macinfo
                0x00000000     0x22e9 ./src/cr_startup_lpc176x.o
 .debug_macinfo
                0x000022e9     0x22b0 ./src/labo2_ASM.o

.debug_str      0x00000000      0x2aa
 .debug_str     0x00000000      0x20b ./src/cr_startup_lpc176x.o
                                0x21e (size before relaxing)
 .debug_str     0x0000020b       0x9f ./src/labo2_ASM.o
                                0x151 (size before relaxing)

.debug_frame    0x00000000      0x15c
 .debug_frame   0x00000000       0xf4 ./src/cr_startup_lpc176x.o
 .debug_frame   0x000000f4       0x68 ./src/labo2_ASM.o
